{
    "lovelacePerUTxOWord": 34482,
    "executionPrices": {
        "prSteps":
	{
	    "numerator" :   721,
	    "denominator" : 10000000
		},
        "prMem":
	{
	    "numerator" :   577,
	    "denominator" : 10000
	}
    },
    "maxTxExUnits": {
        "exUnitsMem":   10000000,
        "exUnitsSteps": 10000000000
    },
    "maxBlockExUnits": {
        "exUnitsMem":   50000000,
        "exUnitsSteps": 40000000000
    },
    "maxValueSize": 5000,
    "collateralPercentage": 150,
    "maxCollateralInputs": 3,
  "costModels": {
    "PlutusV1": {
      "addInteger-cpu-arguments-intercept": 100788,
      "addInteger-cpu-arguments-slope": 420,
      "addInteger-memory-arguments-intercept": 1,
      "addInteger-memory-arguments-slope": 1,
      "appendByteString-cpu-arguments-intercept": 1000,
      "appendByteString-cpu-arguments-slope": 173,
      "appendByteString-memory-arguments-intercept": 0,
      "appendByteString-memory-arguments-slope": 1,
      "appendString-cpu-arguments-intercept": 1000,
      "appendString-cpu-arguments-slope": 59957,
      "appendString-memory-arguments-intercept": 4,
      "appendString-memory-arguments-slope": 1,
      "bData-cpu-arguments": 11183,
      "bData-memory-arguments": 32,
      "blake2b-cpu-arguments-intercept": 201305,
      "blake2b-cpu-arguments-slope": 8356,
      "blake2b-memory-arguments": 4,
      "cekApplyCost-exBudgetCPU": 16000,
      "cekApplyCost-exBudgetMemory": 100,
      "cekBuiltinCost-exBudgetCPU": 16000,
      "cekBuiltinCost-exBudgetMemory": 100,
      "cekConstCost-exBudgetCPU": 16000,
      "cekConstCost-exBudgetMemory": 100,
      "cekDelayCost-exBudgetCPU": 16000,
      "cekDelayCost-exBudgetMemory": 100,
      "cekForceCost-exBudgetCPU": 16000,
      "cekForceCost-exBudgetMemory": 100,
      "cekLamCost-exBudgetCPU": 16000,
      "cekLamCost-exBudgetMemory": 100,
      "cekStartupCost-exBudgetCPU": 100,
      "cekStartupCost-exBudgetMemory": 100,
      "cekVarCost-exBudgetCPU": 16000,
      "cekVarCost-exBudgetMemory": 100,
      "chooseData-cpu-arguments": 94375,
      "chooseData-memory-arguments": 32,
      "chooseList-cpu-arguments": 132994,
      "chooseList-memory-arguments": 32,
      "chooseUnit-cpu-arguments": 61462,
      "chooseUnit-memory-arguments": 4,
      "consByteString-cpu-arguments-intercept": 72010,
      "consByteString-cpu-arguments-slope": 178,
      "consByteString-memory-arguments-intercept": 0,
      "consByteString-memory-arguments-slope": 1,
      "constrData-cpu-arguments": 22151,
      "constrData-memory-arguments": 32,
      "decodeUtf8-cpu-arguments-intercept": 91189,
      "decodeUtf8-cpu-arguments-slope": 769,
      "decodeUtf8-memory-arguments-intercept": 4,
      "decodeUtf8-memory-arguments-slope": 2,
      "divideInteger-cpu-arguments-constant": 85848,
      "divideInteger-cpu-arguments-model-arguments-intercept": 228465,
      "divideInteger-cpu-arguments-model-arguments-slope": 122,
      "divideInteger-memory-arguments-intercept": 0,
      "divideInteger-memory-arguments-minimum": 1,
      "divideInteger-memory-arguments-slope": 1,
      "encodeUtf8-cpu-arguments-intercept": 1000,
      "encodeUtf8-cpu-arguments-slope": 42921,
      "encodeUtf8-memory-arguments-intercept": 4,
      "encodeUtf8-memory-arguments-slope": 2,
      "equalsByteString-cpu-arguments-constant": 24548,
      "equalsByteString-cpu-arguments-intercept": 29498,
      "equalsByteString-cpu-arguments-slope": 38,
      "equalsByteString-memory-arguments": 1,
      "equalsData-cpu-arguments-intercept": 898148,
      "equalsData-cpu-arguments-slope": 27279,
      "equalsData-memory-arguments": 1,
      "equalsInteger-cpu-arguments-intercept": 51775,
      "equalsInteger-cpu-arguments-slope": 558,
      "equalsInteger-memory-arguments": 1,
      "equalsString-cpu-arguments-constant": 39184,
      "equalsString-cpu-arguments-intercept": 1000,
      "equalsString-cpu-arguments-slope": 60594,
      "equalsString-memory-arguments": 1,
      "fstPair-cpu-arguments": 141895,
      "fstPair-memory-arguments": 32,
      "headList-cpu-arguments": 83150,
      "headList-memory-arguments": 32,
      "iData-cpu-arguments": 15299,
      "iData-memory-arguments": 32,
      "ifThenElse-cpu-arguments": 76049,
      "ifThenElse-memory-arguments": 1,
      "indexByteString-cpu-arguments": 13169,
      "indexByteString-memory-arguments": 4,
      "lengthOfByteString-cpu-arguments": 22100,
      "lengthOfByteString-memory-arguments": 10,
      "lessThanByteString-cpu-arguments-intercept": 28999,
      "lessThanByteString-cpu-arguments-slope": 74,
      "lessThanByteString-memory-arguments": 1,
      "lessThanEqualsByteString-cpu-arguments-intercept": 28999,
      "lessThanEqualsByteString-cpu-arguments-slope": 74,
      "lessThanEqualsByteString-memory-arguments": 1,
      "lessThanEqualsInteger-cpu-arguments-intercept": 43285,
      "lessThanEqualsInteger-cpu-arguments-slope": 552,
      "lessThanEqualsInteger-memory-arguments": 1,
      "lessThanInteger-cpu-arguments-intercept": 44749,
      "lessThanInteger-cpu-arguments-slope": 541,
      "lessThanInteger-memory-arguments": 1,
      "listData-cpu-arguments": 33852,
      "listData-memory-arguments": 32,
      "mapData-cpu-arguments": 68246,
      "mapData-memory-arguments": 32,
      "mkCons-cpu-arguments": 72362,
      "mkCons-memory-arguments": 32,
      "mkNilData-cpu-arguments": 7243,
      "mkNilData-memory-arguments": 32,
      "mkNilPairData-cpu-arguments": 7391,
      "mkNilPairData-memory-arguments": 32,
      "mkPairData-cpu-arguments": 11546,
      "mkPairData-memory-arguments": 32,
      "modInteger-cpu-arguments-constant": 85848,
      "modInteger-cpu-arguments-model-arguments-intercept": 228465,
      "modInteger-cpu-arguments-model-arguments-slope": 122,
      "modInteger-memory-arguments-intercept": 0,
      "modInteger-memory-arguments-minimum": 1,
      "modInteger-memory-arguments-slope": 1,
      "multiplyInteger-cpu-arguments-intercept": 90434,
      "multiplyInteger-cpu-arguments-slope": 519,
      "multiplyInteger-memory-arguments-intercept": 0,
      "multiplyInteger-memory-arguments-slope": 1,
      "nullList-cpu-arguments": 74433,
      "nullList-memory-arguments": 32,
      "quotientInteger-cpu-arguments-constant": 85848,
      "quotientInteger-cpu-arguments-model-arguments-intercept": 228465,
      "quotientInteger-cpu-arguments-model-arguments-slope": 122,
      "quotientInteger-memory-arguments-intercept": 0,
      "quotientInteger-memory-arguments-minimum": 1,
      "quotientInteger-memory-arguments-slope": 1,
      "remainderInteger-cpu-arguments-constant": 85848,
      "remainderInteger-cpu-arguments-model-arguments-intercept": 228465,
      "remainderInteger-cpu-arguments-model-arguments-slope": 122,
      "remainderInteger-memory-arguments-intercept": 0,
      "remainderInteger-memory-arguments-minimum": 1,
      "remainderInteger-memory-arguments-slope": 1,
      "sha2_256-cpu-arguments-intercept": 270652,
      "sha2_256-cpu-arguments-slope": 22588,
      "sha2_256-memory-arguments": 4,
      "sha3_256-cpu-arguments-intercept": 1457325,
      "sha3_256-cpu-arguments-slope": 64566,
      "sha3_256-memory-arguments": 4,
      "sliceByteString-cpu-arguments-intercept": 20467,
      "sliceByteString-cpu-arguments-slope": 1,
      "sliceByteString-memory-arguments-intercept": 4,
      "sliceByteString-memory-arguments-slope": 0,
      "sndPair-cpu-arguments": 141992,
      "sndPair-memory-arguments": 32,
      "subtractInteger-cpu-arguments-intercept": 100788,
      "subtractInteger-cpu-arguments-slope": 420,
      "subtractInteger-memory-arguments-intercept": 1,
      "subtractInteger-memory-arguments-slope": 1,
      "tailList-cpu-arguments": 81663,
      "tailList-memory-arguments": 32,
      "trace-cpu-arguments": 59498,
      "trace-memory-arguments": 32,
      "unBData-cpu-arguments": 20142,
      "unBData-memory-arguments": 32,
      "unConstrData-cpu-arguments": 24588,
      "unConstrData-memory-arguments": 32,
      "unIData-cpu-arguments": 20744,
      "unIData-memory-arguments": 32,
      "unListData-cpu-arguments": 25933,
      "unListData-memory-arguments": 32,
      "unMapData-cpu-arguments": 24623,
      "unMapData-memory-arguments": 32,
      "verifySignature-cpu-arguments-intercept": 53384111,
      "verifySignature-cpu-arguments-slope": 14333,
      "verifySignature-memory-arguments": 10
    }
  }
}
