{
    "txFeePerByte":308902,
    "maxRefScriptSizePerBlock":1,
    "maxRefScriptSizePerTx":1,
    "refScriptCostStride":1,
    "refScriptCostMultiplier":1,
    "txFeeFixed":561284,
    "maxBlockBodySize":1,
    "maxTxSize":1,
    "maxBlockHeaderSize":1,
    "stakeAddressDeposit":891166,
    "stakePoolDeposit":50289,
    "poolRetireMaxEpoch":0,
    "stakePoolTargetNum":0,
    "poolPledgeInfluence":7.627502235451851497e15,
    "monetaryExpansion":0.8525271,
    "treasuryCut":0.81278270399268,
    "minPoolCost":268334,
    "costModels":{ },
    "executionUnitPrices":{
       "priceMemory":1.547187767003867398,
       "priceSteps":81940.41318383031469
    },
    "maxTxExecutionUnits":{
       "memory":3261458539401522829,
       "steps":7599368326734706029
    },
    "maxBlockExecutionUnits":{
       "memory":9153082808307892327,
       "steps":8498837228457130010
    },
    "maxValueSize":0,
    "collateralPercentage":0,
    "maxCollateralInputs":1,
    "utxoCostPerByte":568321,
    "poolVotingThresholds":{
       "committeeNoConfidence":0.43126437780517319,
       "committeeNormal":0.368763,
       "hardForkInitiation":0.9468703887234305,
       "motionNoConfidence":0.69591767,
       "ppSecurityGroup":0.850009830033369808
    },
    "dRepVotingThresholds":{
       "committeeNoConfidence":0.6890130821,
       "committeeNormal":0.9009078,
       "hardForkInitiation":{
          "denominator":2000000000000000000,
          "numerator":694018963415406037
       },
       "motionNoConfidence":0.17136653722,
       "ppEconomicGroup":0.5,
       "ppGovGroup":0.497,
       "ppNetworkGroup":0.255887448574,
       "ppTechnicalGroup":2.9039187157159e-2,
       "treasuryWithdrawal":0.6562,
       "updateToConstitution":3.04346452e-2
    },
    "committeeMinSize":1,
    "committeeMaxTermLength":1,
    "govActionLifetime":0,
    "govActionDeposit":190162,
    "dRepDeposit":302491,
    "dRepActivity":0,
    "minFeeRefScriptCostPerByte":23896.4809186040265,
    "protocolVersion":{
       "major":4,
       "minor":1
    }
 }
