{
    "decentralization": 0.79,
    "extraPraosEntropy": null,
    "maxBlockBodySize": 292445202,
    "maxBlockHeaderSize": 53249,
    "minPoolCost": 18,
    "monetaryExpansion": 0.8855156,
    "poolPledgeInfluence": 3.8777413926852632e7,
    "poolRetireMaxEpoch": 2414041002,
    "stakeAddressDeposit": 12,
    "stakePoolDeposit": 883913,
    "stakePoolTargetNum": 52993,
    "treasuryCut": 0.3,
    "txFeeFixed": 2,
    "txFeePerByte": 360044
}
